Γû▓ Next.js 16.1.1 (Turbopack)

  Creating an optimized production build ...
Γ£ô Compiled successfully in 21.5s
  Running TypeScript ...
  Collecting page data using 19 workers ...
  Generating static pages using 19 workers (0/70) ...
  Generating static pages using 19 workers (17/70) 
  Generating static pages using 19 workers (34/70) 
  Generating static pages using 19 workers (52/70) 
Γ£ô Generating static pages using 19 workers (70/70) in 11.7s
  Finalizing page optimization ...

Route (app)                                                                                  Revalidate  Expire
Γöî Γùï /
Γö£ Γùï /_not-found
Γö£ Γùï /about
Γö£ Γùï /about/faculty/dr-srikanth-itapu
Γö£ Γùï /about/opengraph-image                                                                           1m      1y
Γö£ Γùï /about/team
Γö£ ╞Æ /api/apply
Γö£ Γùï /apply
Γö£ Γùï /apply/opengraph-image                                                                           1m      1y
Γö£ Γùï /blog
Γö£ ╞Æ /blog/[slug]
Γö£ ╞Æ /blog/[slug]/opengraph-image
Γö£ Γùï /campus
Γö£ Γùï /campus/opengraph-image                                                                          1m      1y
Γö£ Γùï /contact
Γö£ Γùï /contact/opengraph-image                                                                         1m      1y
Γö£ Γùï /faq
Γö£ Γùï /legal
Γö£ Γùï /opengraph-image
Γö£ Γùï /privacy
Γö£ Γùï /programs
Γö£ Γùï /programs/educators
Γö£ Γùï /programs/entry-level
Γö£ Γùï /programs/entry-level/ai
Γö£ Γùï /programs/entry-level/ai/certified-in-ai-engineering
Γö£ Γùï /programs/entry-level/ai/certified-in-prompt-engineering
Γö£ Γùï /programs/entry-level/ai/certified-professional-in-ai-foundations-in-telugu
Γö£ Γùï /programs/executive
Γö£ Γùï /programs/executive/ai-leadership
Γö£ Γùï /programs/executive/delivering-in-age-of-ai
Γö£ Γùï /programs/executive/strategic-impact
Γö£ Γùï /programs/global-climate-change
Γö£ Γùï /programs/opengraph-image                                                                        1m      1y
Γö£ Γùï /programs/professional
Γö£ Γùï /programs/professional/ai
Γö£ Γùï /programs/professional/ai/certified-professional-in-ai-engineering
Γö£ Γùï /programs/professional/ai/certified-professional-in-ai-engineering-in-telugu
Γö£ Γùï /programs/professional/ai/certified-professional-in-ai-operations
Γö£ Γùï /programs/professional/ai/certified-professional-in-ai-research
Γö£ Γùï /programs/professional/ai/opengraph-image
Γö£ Γùï /programs/professional/blockchain
Γö£ Γùï /programs/professional/cyber-security
Γö£ Γùï /programs/professional/quantum-computing
Γö£ Γùï /programs/professional/quantum-computing/certified-professional-in-quantum-fundamentals
Γö£ Γùï /programs/sustainability-in-the-age-of-ai
Γö£ Γùï /refund-policy
Γö£ Γùï /resources
Γö£ ╞Æ /resources/[slug]
Γö£ Γùï /robots.txt
Γö£ Γùï /schools
Γö£ Γùï /schools/ai
Γö£ Γùï /schools/ai/opengraph-image                                                                      1m      1y
Γö£ Γùï /schools/blockchain
Γö£ Γùï /schools/blockchain/opengraph-image                                                              1m      1y
Γö£ Γùï /schools/certified-innovator
Γö£ Γùï /schools/certified-innovator/opengraph-image                                                     1m      1y
Γö£ Γùï /schools/cyber
Γö£ Γùï /schools/cyber/opengraph-image                                                                   1m      1y
Γö£ Γùï /schools/esg
Γö£ Γùï /schools/esg/opengraph-image                                                                     1m      1y
Γö£ Γùï /schools/opengraph-image                                                                         1m      1y
Γö£ Γùï /schools/quantum-computing
Γö£ Γùï /schools/quantum-computing/opengraph-image                                                       1m      1y
Γö£ Γùï /schools/renewable-energy
Γö£ Γùï /schools/renewable-energy/opengraph-image                                                        1m      1y
Γö£ Γùï /schools/strategy
Γö£ Γùï /schools/strategy/opengraph-image                                                                1m      1y
Γö£ Γùï /schools/venture-building
Γö£ Γùï /schools/venture-building/opengraph-image                                                        1m      1y
Γö£ Γùï /sitemap.xml                                                                                     1h      1y
Γö£ Γùï /studio/[[...tool]]
Γöö Γùï /terms


Γùï  (Static)   prerendered as static content
╞Æ  (Dynamic)  server-rendered on demand

